git init
Initialized empty Git repository in /home/ccuser/workspace/manhattan-zoo-1/.git/
$ git  status
On branch master

Initial commit

Untracked files:
  (use "git add <file>..." to include in what will be committed)

        meal-regimens.txt

nothing added to commit but untracked files present (use "git add" to track)
$ git add meal-regimens.txt
$ git commit -m 'update on the meal-regimens'
[master (root-commit) 9ec972b] update on the meal-regimens
 1 file changed, 14 insertions(+)
 create mode 100644 meal-regimens.txt
$ git diff meal-regimens.txt
diff --git a/meal-regimens.txt b/meal-regimens.txt
index 7d1e0c2..5f1dae9 100644
--- a/meal-regimens.txt
+++ b/meal-regimens.txt
@@ -12,3 +12,7 @@ Meal: 10 bags Tamarind pods
 Times: 6:00 am, 3:00 pm, 8:00 pm
 Directions: Empty bags over meadow area during designated times
 
+3. Long-Tailed Chinchillas
+Meal: 1 bag animal pellets, 1 bag dried fruit, 1/2 bag cashews, 5 carrots, 3 stalks kale
+Times: 8:00 am
+Directions: disperse contents throughout Chinchilla habitat
\ No newline at end of file
$ git status
On branch master
Changes not staged for commit:
  (use "git add <file>..." to update what will be committed)
  (use "git checkout -- <file>..." to discard changes in working directory)

        modified:   meal-regimens.txt

no changes added to commit (use "git add" and/or "git commit -a")
$ git add meal-regimens.txt
$ git status
On branch master
Changes to be committed:
  (use "git reset HEAD <file>..." to unstage)

        modified:   meal-regimens.txt

$ git commit -m 'update on the new meal'
[master b16a96c] update on the new meal
 1 file changed, 4 insertions(+)
$ git log
commit b16a96c57aa159efdd79979d960d62ca02e44f01
Author: codecademy <ccuser@codecademy.com>
Date:   Wed Jan 5 09:20:37 2022 +0000

    update on the new meal

commit 9ec972b5c3eb642a38df5550de319a11a3240828
Author: codecademy <ccuser@codecademy.com>
Date:   Wed Jan 5 09:16:07 2022 +0000

    update on the meal-regimens
$ git commit -m 'update on number 4'
On branch master
Changes not staged for commit:
        modified:   meal-regimens.txt

no changes added to commit
$ git add meal-regimens.txt
$ git commit -m 'update on number 4'
[master 57c1c40] update on number 4
 1 file changed, 6 insertions(+), 1 deletion(-)
$ git add meal-regimens.txt
$ git commit -m 'update on number 5'
[master b992094] update on number 5
 1 file changed, 5 insertions(+)
$ git log
commit b992094cc1c8e6478be8c2284e51fc574c593814
Author: codecademy <ccuser@codecademy.com>
Date:   Wed Jan 5 09:23:54 2022 +0000

    update on number 5

commit 57c1c40b802884f2c065043225813c1bcbe7b054
Author: codecademy <ccuser@codecademy.com>
Date:   Wed Jan 5 09:23:15 2022 +0000

    update on number 4

commit b16a96c57aa159efdd79979d960d62ca02e44f01
Author: codecademy <ccuser@codecademy.com>
Date:   Wed Jan 5 09:20:37 2022 +0000

    update on the new meal

commit 9ec972b5c3eb642a38df5550de319a11a3240828
Author: codecademy <ccuser@codecademy.com>
Date:   Wed Jan 5 09:16:07 2022 +0000

: